place the script files in the below mentioned folders.


# ENVIRONEMNT VARIABLE VALUES
-----------------------------
export di_server=$DI_HOME
export di_support=${di_server}/support
export di_scripts=${di_support}/scripts
export di_lib=${di_support}/lib
export di_conf=${di_support}/conf
export di_log=${di_support}/log
export di_git=/app/diyotta_qa/diserver/TechstyleGit


location of di_home in dev:
------------------------------
[diyotta_dev@tfgawsuswoddv01 diyotta]$ echo $DI_HOME
/app/diyotta_dev/diyotta/controller  
[diyotta_dev@tfgawsuswoddv01 diyotta]$


location of scripts placing:
-----------------------------
[diyotta_dev@tfgawsuswoddv01 app]$ pwd
/app/diyotta_dev/diyotta/controller/app
[diyotta_dev@tfgawsuswoddv01 app]$


place this file at :diy_functions.sh  --> ${di_lib}/migration/diy_functions.sh

place this file at :    source $DI_HOME/support/conf/env.properties------>/app/diyotta_dev/diyotta/controller/support/conf

open the env.properties.sh file and give the server gitfolder which is created using putty.
 

di_support:
----------
/app/diyotta_dev/diyotta/controller/support  


Git location:
--------------
Initialized empty Git repository in /app/diyotta_dev/diyotta/controller/support/TechstyleGit/.git/
[diyotta_dev@tfgawsuswoddv01 TechstyleGit (master)]$



https://shreddy@git.justfab.net/scm/edw/snowflake_diyotta.git



final link to run the job

sh /app/diyotta_dev/diyotta/controller/support/git_scripts/diy_export.sh /app/diyotta_dev/diyotta/controller/support/git_scripts/listfile.dat /app/diyotta_dev/diyotta/controller/support/TechstyleGit
feature Diyotta_Test /app/diyotta_dev/diyotta/controller/support/tmp projectpushtogit


JOBFLOW,jf_inupd_bento_payment,PatchTesting,landing,,,,



----file pushing into Git -------------------------

[diyotta_dev@tfgawsuswoddv01 support]$ cd TechstyleGit
[diyotta_dev@tfgawsuswoddv01 TechstyleGit (master)]$ vim a.txt
[diyotta_dev@tfgawsuswoddv01 TechstyleGit (master)]$ git add a.txt
[diyotta_dev@tfgawsuswoddv01 TechstyleGit (master)]$ git commit -m "my test file"
[master (root-commit) 9a1a481] my test file
 1 files changed, 1 insertions(+), 0 deletions(-)
 create mode 100644 a.txt
[diyotta_dev@tfgawsuswoddv01 TechstyleGit (master)]$



git remote add Dev_test ssh://git@git.justfab.net/edw/edw.git




[diyotta_dev@tfgawsuswoddv01 TechstyleGit (master)]$ git remote add test  ssh://git@git.justfab.net/edw/snowflake_diyotta.git
[diyotta_dev@tfgawsuswoddv01 TechstyleGit (master)]$ git push Dev_test Dev_Test
fatal: remote error: Insufficient permissions
You cannot push to EDW/edw. Pushing requires write access and your access is
read-only.
fatal: The remote end hung up unexpectedly
[diyotta_dev@tfgawsuswoddv01 TechstyleGit (master)]$


----------------------------------------------------------------

 git remote add Dev_test ssh://git@git.justfab.net/edw/edw.gi
 
  git remote add test3 ssh://git@git.justfab.net/edw/snowflake_diyotta.git
  
  git push test2 feature/Diyotta_Test
  
  error: src refspec feature/Diyotta_Test does not match any.
error: failed to push some refs to 'ssh://git@git.justfab.net/edw/snowflake_diyotta.git'
[diyotta_dev@tfgawsuswoddv01 TechstyleGit (master)]$


ssh://git@git.justfab.net/edw/snowflake_diyotta.git



[diyotta_dev@tfgawsuswoddv01 TechstyleGit (master)]$ git branch
* master
[diyotta_dev@tfgawsuswoddv01 TechstyleGit (master)]$ git checkout
[diyotta_dev@tfgawsuswoddv01 TechstyleGit (master)]$ git checkout -b feature/Diyotta_Test
Switched to a new branch 'feature/Diyotta_Test'
[diyotta_dev@tfgawsuswoddv01 TechstyleGit (feature/Diyotta_Test)]$


[diyotta_dev@tfgawsuswoddv01 TechstyleGit (feature/Diyotta_Test)]$ git --help
usage: git [--version] [--exec-path[=GIT_EXEC_PATH]] [--html-path]
           [-p|--paginate|--no-pager] [--no-replace-objects]
           [--bare] [--git-dir=GIT_DIR] [--work-tree=GIT_WORK_TREE]
           [--help] COMMAND [ARGS]

The most commonly used git commands are:
   add        Add file contents to the index
   bisect     Find by binary search the change that introduced a bug
   branch     List, create, or delete branches
   checkout   Checkout a branch or paths to the working tree
   clone      Clone a repository into a new directory
   commit     Record changes to the repository
   diff       Show changes between commits, commit and working tree, etc
   fetch      Download objects and refs from another repository
   grep       Print lines matching a pattern
   init       Create an empty git repository or reinitialize an existing one
   log        Show commit logs
   merge      Join two or more development histories together
   mv         Move or rename a file, a directory, or a symlink
   pull       Fetch from and merge with another repository or a local branch
   push       Update remote refs along with associated objects
   rebase     Forward-port local commits to the updated upstream head
   reset      Reset current HEAD to the specified state
   rm         Remove files from the working tree and from the index
   show       Show various types of objects
   status     Show the working tree status
   tag        Create, list, delete or verify a tag object signed with GPG

See 'git help COMMAND' for more information on a specific command.



git rebase feature/my_feature_branch


git pull origin feature/Diyotta_Test

git fetch
git rebase feature/Diyotta_Test
git push origin feature/my_feature_branch 


git fetch origin 
git pull origin YOUR_BRANCH_NAME 

[diyotta_dev@tfgawsuswoddv01 TechstyleGit (feature/Diyotta_Test)]$ git push test2 feature/Diyotta_Test


-------------------------------------


 git remote add Dev_test ssh://git@git.justfab.net/edw/edw.gi
 
  git remote add test3 ssh://git@git.justfab.net/edw/snowflake_diyotta.git
  
  git push test2 feature/Diyotta_Test
  
  error: src refspec feature/Diyotta_Test does not match any.
error: failed to push some refs to 'ssh://git@git.justfab.net/edw/snowflake_diyotta.git'
[diyotta_dev@tfgawsuswoddv01 TechstyleGit (master)]$


ssh://git@git.justfab.net/edw/snowflake_diyotta.git



[diyotta_dev@tfgawsuswoddv01 TechstyleGit (master)]$ git branch
* master
[diyotta_dev@tfgawsuswoddv01 TechstyleGit (master)]$ git checkout
[diyotta_dev@tfgawsuswoddv01 TechstyleGit (master)]$ git checkout -b feature/Diyotta_Test
Switched to a new branch 'feature/Diyotta_Test'
[diyotta_dev@tfgawsuswoddv01 TechstyleGit (feature/Diyotta_Test)]$


[diyotta_dev@tfgawsuswoddv01 TechstyleGit (feature/Diyotta_Test)]$ git --help
usage: git [--version] [--exec-path[=GIT_EXEC_PATH]] [--html-path]
           [-p|--paginate|--no-pager] [--no-replace-objects]
           [--bare] [--git-dir=GIT_DIR] [--work-tree=GIT_WORK_TREE]
           [--help] COMMAND [ARGS]

The most commonly used git commands are:
   add        Add file contents to the index
   bisect     Find by binary search the change that introduced a bug
   branch     List, create, or delete branches
   checkout   Checkout a branch or paths to the working tree
   clone      Clone a repository into a new directory
   commit     Record changes to the repository
   diff       Show changes between commits, commit and working tree, etc
   fetch      Download objects and refs from another repository
   grep       Print lines matching a pattern
   init       Create an empty git repository or reinitialize an existing one
   log        Show commit logs
   merge      Join two or more development histories together
   mv         Move or rename a file, a directory, or a symlink
   pull       Fetch from and merge with another repository or a local branch
   push       Update remote refs along with associated objects
   rebase     Forward-port local commits to the updated upstream head
   reset      Reset current HEAD to the specified state
   rm         Remove files from the working tree and from the index
   show       Show various types of objects
   status     Show the working tree status
   tag        Create, list, delete or verify a tag object signed with GPG

See 'git help COMMAND' for more information on a specific command.



git rebase feature/my_feature_branch

git rebase feature/Diyotta_Test
git pull origin feature/Diyotta_Test


-----------------------------------------------------------------------------------------------------------------------------------------------------------------
                                                                        pushing one file to remote:
-----------------------------------------------------------------------------------------------------------------------------------------------------------------
[diyotta_dev@tfgawsuswoddv01 TechstyleGit (feature/Diyotta_Test)]$ git add .
[diyotta_dev@tfgawsuswoddv01 TechstyleGit (feature/Diyotta_Test)]$ vim help.txt
[diyotta_dev@tfgawsuswoddv01 TechstyleGit (feature/Diyotta_Test)]$ git commit -m "Add existing file"
[feature/Diyotta_Test 6073849] Add existing file
 1 files changed, 2 insertions(+), 0 deletions(-)
 create mode 100644 help.txt
[diyotta_dev@tfgawsuswoddv01 TechstyleGit (feature/Diyotta_Test)]$ git push feature/Diyotta_Test
fatal: 'feature/Diyotta_Test' does not appear to be a git repository
fatal: The remote end hung up unexpectedly
[diyotta_dev@tfgawsuswoddv01 TechstyleGit (feature/Diyotta_Test)]$ git push origin feature/Diyotta_Test
Password:
Counting objects: 4, done.
Delta compression using up to 16 threads.
Compressing objects: 100% (2/2), done.
Writing objects: 100% (3/3), 302 bytes, done.
Total 3 (delta 1), reused 0 (delta 0)
remote:
remote: Create pull request for feature/Diyotta_Test:
remote:   https://git.justfab.net/projects/EDW/repos/snowflake_diyotta/compare/commits?sourceBranch=refs/heads/feature/Diyotta_Test
remote:
To https://shreddy@git.justfab.net/scm/edw/snowflake_diyotta.git
   ce32745..6073849  feature/Diyotta_Test -> feature/Diyotta_Test
[diyotta_dev@tfgawsuswoddv01 TechstyleGit (feature/Diyotta_Test)]$


------------------------

git remote add origin <user>@<remote_host>:<location of central repository> (ssh://git@git.justfab.net/edw/snowflake_diyotta.git)
git push origin master

git pull <user>@<remote_host>:<location of central repository>

----------------------------------------------------------------


[diyotta_dev@tfgawsuswoddv01 TechstyleGit (master)]$ git branch
* feature/Diyotta_Test
  master
[diyotta_dev@tfgawsuswoddv01 TechstyleGit (feature/Diyotta_Test)]$


------------------------------------- setting remote url----
--------------------------------------------------------
------------------------------------------to see the list of remote url's-------------
[diyotta_dev@tfgawsuswoddv01 TechstyleGit (feature/Diyotta_Test)]$ git remote -v
Dev_test        ssh://git@git.justfab.net/edw/edw.git (fetch)
Dev_test        ssh://git@git.justfab.net/edw/edw.git (push)
Diyotta_Test    ssh://git@git.justfab.net/edw/snowflake_diyotta.git (fetch)
Diyotta_Test    ssh://git@git.justfab.net/edw/snowflake_diyotta.git (push)
origin  https://shreddy@git.justfab.net/scm/edw/snowflake_diyotta.git (fetch)
origin  https://shreddy@git.justfab.net/scm/edw/snowflake_diyotta.git (push)
test    https://shreddy@git.justfab.net/scm/edw/snowflake_diyotta.git (fetch)
test    https://shreddy@git.justfab.net/scm/edw/snowflake_diyotta.git (push)
test1   ssh://git@git.justfab.net/edw/snowflake_diyotta.git (fetch)
test1   ssh://git@git.justfab.net/edw/snowflake_diyotta.git (push)
test2   ssh://git@git.justfab.net/edw/snowflake_diyotta.git (fetch)
test2   ssh://git@git.justfab.net/edw/snowflake_diyotta.git (push)
test4   ssh://git@git.justfab.net/edw/snowflake_diyotta.git (fetch)
test4   ssh://git@git.justfab.net/edw/snowflake_diyotta.git (push)
[diyotta_dev@tfgawsuswoddv01 TechstyleGit (feature/Diyotta_Test)]$


[diyotta_dev@tfgawsuswoddv01 TechstyleGit (feature/Diyotta_Test)]$ git remote set-url ssh://git@git.justfab.net/edw/snowflake_diyotta.git
usage: git remote set-url [--push] <name> <newurl> [<oldurl>]
   or: git remote set-url --add <name> <newurl>
   or: git remote set-url --delete <name> <url>

    --push                manipulate push URLs
    --add                 add URL
    --delete              delete URLs

[diyotta_dev@tfgawsuswoddv01 TechstyleGit (feature/Diyotta_Test)]$  git remote set-url origin ssh://git@git.justfab.net/edw/snowflake_diyotta.git


----------------------------------------------

ssh-rsa AAAAB3NzaC1yc2EAAAABIwAAAQEAsCA6nEQNafVoVyzyfEB+6eDAS9C2KjmXFDwfn+AG0ExwHel+Kjf3vqtYPmvg7wuEoSm5A6e8JuubZXkbdjWEK8oZGTdk6Zz5oO9hNPT0K+Y5gW5AEDu6XycKOJ/DVPV2JrMaqWG5Upk0Jb3cWrr+5PfE6HnVGZTldjQ89oBNPbWFsM1pMiW6YF7Izk8AWGu3PQZkWpO/QbvVdqhGYpYQp9cO7wE1Z5W67bsalruMKiA/d1jO3XVwDjm1DeXseEAsmlkGQzGp5CBwJCOfEj09e4rY3OFUCzyli4mnRHd0fIHNvWbO+yPkS3kSYJ//cwBA6mUWdJgJaf9xetS2PfyzZQ== diyotta_dev@tfgawsuswoddv01


sh /app/diyotta_dev/diyotta/controller/support/git_scripts/diy_export.sh /app/diyotta_dev/diyotta/controller/support/git_scripts/listfile.dat /app/diyotta_dev/diyotta/controller/support/TechstyleGit master feature/Diyotta_Test /app/diyotta_dev/diyotta/controller/support/tmp projectpushtogit


------------------------------------------

to check the all the commits ---


[diyotta_dev@tfgawsuswoddv01 TechstyleGit (feature/Diyotta_Test)]$ git log
commit 16142440f26a1422e1d4320e840fb9a9f8784d84
Author: Hemananth Umapathi <humapathi@techstyle.com>
Date:   Thu Aug 1 06:46:22 2019 +0000

    projectpushtogit

commit 60738499657738478e3c2976a7397066abb85edc
Author: Hemananth Umapathi <humapathi@techstyle.com>
Date:   Wed Jul 31 09:41:44 2019 +0000

    Add existing file

commit ce32745c5204d5a4a85e85d08d3fc467ba064f10
Merge: 69bc129 3d9f08c
Author: Hemananth Umapathi <humapathi@techstyle.com>
Date:   Mon Jul 29 05:27:15 2019 +0000

    Merge branch 'feature/Diyotta_Test' of https://git.justfab.net/scm/edw/snowflake_diyotta into feature/Diyotta_Test

commit 69bc1294df06392a1283f914fcaec7448a01fe51
Author: Hemananth Umapathi <humapathi@techstyle.com>
Date:   Mon Jul 29 05:18:57 2019 +0000

     echo "hello"

commit 9a1a481959ce48f893766a314e4a9cbd8f5057e6
Author: Hemananth Umapathi <humapathi@techstyle.com>
Date:   Fri Jul 26 11:38:48 2019 +0000

    my test file

commit 3d9f08cc1ba4b8c18e017bade8ab108c8a818c8e
Author: shobhareddy <shobha.reddy@diyotta.com>
Date:   Fri Jun 28 17:25:01 2019 +0530

    backup of DWH project jobflows in Prod  on  june-28-2019

commit 3ec2ee6871da14dba135c0ffeb1998d5d12fb0e6
Author: shobhareddy <shobha.reddy@diyotta.com>
Date:   Mon Jun 24 18:18:31 2019 +0530

    Production jobflows  backup on 06-24-2019
:


----------------to know the user and email for the GIT----


[diyotta_dev@tfgawsuswoddv01 test (feature/Diyotta_Test|MERGING)]$ git config user.name
Hemananth Umapathi
[diyotta_dev@tfgawsuswoddv01 test (feature/Diyotta_Test)]$ git config user.email
humapathi@techstyle.com
[diyotta_dev@tfgawsuswoddv01 test (feature/Diyotta_Test)]$


-----------------Setting your Git username for a single repository----------

hange the current working directory to the local repository where you want to configure the name that is associated with your Git commits.

Set a Git username:

$ git config user.name "Mona Lisa"
Confirm that you have set the Git username correctly:

$ git config user.name
result:
 Mona Lisa
 
 
 ------------------------ Set an email address in Git-------------------------
 
 Set an email address in Git. You can use your GitHub-provided no-reply email address or any email address.

$ git config --global user.email "email@example.com"
Confirm that you have set the email address correctly in Git:

$ git config --global user.email
email@example.com