1.generate ssh key:

ssh-rsa AAAAB3NzaC1yc2EAAAABIwAAAQEAnMRGjQtDCBqn1Nn3M5hqKYBhkp+7WMoGppOAohWLaYuMogKT7ffDPeMxkv4rFgdm0UXO+MemMFgl1GuIWipcRDx/G/WpygF/nUuqqmvpd5XEkPnaTmJiTamJqHR3Azvu8JyfVzK0WbzcHzmL5PAV+kEFMysG+GY4uV3rX68XC0sBNTIrru/FD0axmsqRvX9uWSi/Eh5XTWwKyrYcJ9DmnyENQTAgpXBE10cLq3rgv0uMVYbKu4gKhfCFP64Efaesm56Na7GcMT5Gxez7oJju0Sx3g6oW0yrKWkT6nEA76XdrRqeZE7njX1GMtTDBuj8LaPAleCbmAVUoUgSw0gKtRw== diyotta_qa@ip-172-21-10-52.corp.brandideas.com


process steps:

[centos@ip-172-21-10-52 ~]$ sudo su - diyotta_qa
[diyotta_qa@ip-172-21-10-52 ~]$ cat .ssh/id_rsa.pub
ssh-rsa AAAAB3NzaC1yc2EAAAABIwAAAQEAnMRGjQtDCBqn1Nn3M5hqKYBhkp+7WMoGppOAohWLaYuMogKT7ffDPeMxkv4rFgdm0UXO+MemMFgl1GuIWipcRDx/G/WpygF/nUuqqmvpd5XEkPnaTmJiTamJqHR3Azvu8JyfVzK0WbzcHzmL5PAV+kEFMysG+GY4uV3rX68XC0sBNTIrru/FD0axmsqRvX9uWSi/Eh5XTWwKyrYcJ9DmnyENQTAgpXBE10cLq3rgv0uMVYbKu4gKhfCFP64Efaesm56Na7GcMT5Gxez7oJju0Sx3g6oW0yrKWkT6nEA76XdrRqeZE7njX1GMtTDBuj8LaPAleCbmAVUoUgSw0gKtRw== diyotta_qa@ip-172-21-10-52.corp.brandideas.com
[diyotta_qa@ip-172-21-10-52 ~]$ ssh-keygen -t rsa -P ""
Generating public/private rsa key pair.
Enter file in which to save the key (/app/diyotta_qa//.ssh/id_rsa):
/app/diyotta_qa//.ssh/id_rsa already exists.
Overwrite (y/n)? y
Your identification has been saved in /app/diyotta_qa//.ssh/id_rsa.
Your public key has been saved in /app/diyotta_qa//.ssh/id_rsa.pub.
The key fingerprint is:
89:34:8f:9e:36:03:fb:51:78:d3:b9:d5:ea:a8:65:1f diyotta_qa@ip-172-21-10-52.us-west-2.compute.internal
The key's randomart image is:
+--[ RSA 2048]----+
|                 |
|                 |
|      o          |
|     . * o . .   |
|    . + S o . .  |
|     + + . o .   |
|    . B   + E    |
|     o + o + .   |
|      . ... o    |
+-----------------+
[diyotta_qa@ip-172-21-10-52 ~]$ cat .ssh/id_rsa.pub
ssh-rsa AAAAB3NzaC1yc2EAAAABIwAAAQEAxcvW6PPYYBVqlFHcfLtk1PQMjwQv7bpDl7jBJ5+d9SYsuzqFc2XfRay3HjCZMw9BOU9IUcmuqtn0dEFSPF94RStTiw2ZGkfCl/9au2iz9r4gO/KscJYiGa5EHk3Vnv8IYlvT/bFSSCWudaqAJeyRbgpoNBMEdaWmCYjOIAwlBmMWhExJKSVw41w3lYyliyfucjxHar/auVu0u6OO8ieEza1lu7b0lMTThWKVUwdaEoK+56pHrWrR2/v9cdmPDk7lhtHKIgjhagDhxSaB0HsJMZ/QbIe6kUzYWuO5uP9BWyo+qTmtANcwxozxTjpQfzDswHEl4DIztpH9XpInX7ICJQ== diyotta_qa@ip-172-21-10-52.us-west-2.compute.internal
[diyotta_qa@ip-172-21-10-52 ~]$

2.create a git folder 


  931  mkdir TechstyleGit
  932  ls -ltr
  933  cd TechstyleGit
  934  ls -ltr
  938  vim a.txt
  939  ls -ltr
  940  git init .
  941  ls -ltr
  959  git remote add origin ssh://git@git.justfab.net/edw/snowflake_diyotta.git
  960  ls -ltr
  961  git add .
  962  vim help.txt
  963  git commit -m "Add existing file"
  964  git commit -m "Add existing file" help.txt
  965  git branch
  966  git commit -m "Add me" help.txt
  967  ls -ltr
  968  git branch
  975  git status
  976  git add *
  977  git status
  978  git branch
  979  git branch diyotta_test
  980  git branch
  981  git checkout diyotta_test
  982  ls
  983  git status
  984  git commit -m "help" help.txt
  985  git push origin QA
  986  git push origin
  987  git branch
  988  git status
  989  git log
  990  git remote add origin ssh://git@git.justfab.net/edw/snowflake_diyotta.git
  991  git pull origin
  992  ls -ltr
  993  git branch
  994  cat .ssh/id_rsa.pub
  995  ssh-keygen -t rsa -P ""
  996  cat .ssh/id_rsa.pub
  997  cd diyotta
  998  cd controller
  999  ls -ltr
 1000  cd support
 1001  ls -ltr
 1002  cd TechstyleGit
 1003  ls -ltr
 1004  git branch
 1005  git pull origin feature/Diyotta_20190829
 1006  git branch
 1007  git checkout feature/Diyotta_20190829
 1008  ls -ltr
 1009  cd ..
 1010  ls -ltr
 1011  cd git_scripts
 1012  ls -ltr
 1013  vim listfile.dat
 1014  cd TechstyleGit
 1015  ls -ltr
 1016  cd ..
 1017  ls -ltr
 1018  cd TechstyleGit
 1019  ls -ltr
 1020  cd diyotta
 1021  ls -ltr
 1022  cd DWH
 1023  ls -ltr
 1024  cd jobflow
 1025  ls -ltr
 1026  cd audit
 1027  ls -ltr
 1028  cd ..
 1029  history



3.branch creation:

git branch diyotta_test


4.pull the existing git files in a specific branch

git pull origin feature/Diyotta_20190829


5.Now run the script import to import a file from local to Di suite usng below script 

sh /app/diyotta_qa/diyotta/controller/support/git_scripts/diy_import.sh /app/diyotta_qa/diyotta/controller/support/TechstyleGit
/app/diyotta_qa/diyotta/controller/support/git_scripts/listfile.dat feature/Diyotta_$$CurrentDate /app/diyotta_qa/diyotta/controller/support/tmp  importingjob

6.if you are unable to perform any git operation (git pull) pls type below command to check the git files status

git status

7.if the files are in untracked state pls type below command to commit the untracked files to remote 

git add *(adding all untracked files)

8.to get the files from a specific folder

git pull origin feature/Diyotta_20190829

9.delete a local branch 
[diyotta_qa@ip-172-21-10-52 TechstyleGit]$ git branch -d feature/Diyotta_20190905
Deleted branch feature/Diyotta_20190905 (was 45fe7c7).




Delete a Local GIT branch
To delete the local GIT branch we can try one of the following commands:
git branch -d branch_name
git branch -D branch_name
as you can see above, we have 2 different argument, one with ‘d’ and one with ‘D’.
The -d option stands for --delete, which would delete the local branch, only if you have already pushed and merged it with your remote branches.
The -D option stands for --delete --force, which deletes the branch regardless of its push and merge status, so be careful using this one!
Delete a remote GIT branch
To delete a remote branch you can use the following command:
git push <remote_name> --delete <branch_name>
Alternatively, there is this other following option too, which might be just a bit hard to remember:
$ git push <remote_name> :<branch_name>
These top options can also be used if you want to delete a “tag”.
Push to remote branch and delete
If you ever want to push your local branch to remote and delete your local, you can use git push with the -d option as an alias for --delete.










--------------------------------------------------

[diyotta_qa@ip-172-21-10-52 TechstyleGit]$ git init .
Initialized empty Git repository in /app/diyotta_qa/diyotta/controller/support/TechstyleGit/.git/
[diyotta_qa@ip-172-21-10-52 TechstyleGit]$
[diyotta_qa@ip-172-21-10-52 TechstyleGit]$ git remote add origin ssh://git@git.justfab.net/edw/snowflake_diyotta.git
[diyotta_qa@ip-172-21-10-52 TechstyleGit]$ ls -ltr
total 0
[diyotta_qa@ip-172-21-10-52 TechstyleGit]$ git fetch
From ssh://git.justfab.net/edw/snowflake_diyotta
 * [new branch]      QA         -> origin/QA
 * [new branch]      develop    -> origin/develop
 * [new branch]      feature/Diyotta_08252019 -> origin/feature/Diyotta_08252019
 * [new branch]      feature/Diyotta_20190829 -> origin/feature/Diyotta_20190829
 * [new branch]      feature/Diyotta_20190905 -> origin/feature/Diyotta_20190905
 * [new branch]      feature/Diyotta_Test -> origin/feature/Diyotta_Test
 * [new branch]      feature/release1.0 -> origin/feature/release1.0
 * [new branch]      master     -> origin/master
 * [new branch]      release    -> origin/release
 * [new branch]      release08.30 -> origin/release08.30
 * [new branch]      release0906 -> origin/release0906
 * [new branch]      release0918 -> origin/release0918
 * [new branch]      release0918_2 -> origin/release0918_2
 * [new branch]      release0923 -> origin/release0923
 * [new branch]      release0924 -> origin/release0924
 * [new branch]      release1.1 -> origin/release1.1
 * [new branch]      release2.1 -> origin/release2.1
 * [new branch]      release_googleqa -> origin/release_googleqa
 * [new branch]      releasebentohist -> origin/releasebentohist
 * [new branch]      releasebentoincr -> origin/releasebentoincr

 [diyotta_qa@ip-172-21-10-52 TechstyleGit]$ git branch
[diyotta_qa@ip-172-21-10-52 TechstyleGit]$ git checkout /feature/Diyotta_20190905
fatal: '/feature/Diyotta_20190905' is outside repository
[diyotta_qa@ip-172-21-10-52 TechstyleGit]$ git checkout feature/Diyotta_20190905
Checking out files: 100% (1345/1345), done.
Branch feature/Diyotta_20190905 set up to track remote branch feature/Diyotta_20190905 from origin.
Switched to a new branch 'feature/Diyotta_20190905'
[diyotta_qa@ip-172-21-10-52 TechstyleGit]$


--------------------------------------------------------

Already on 'feature/Diyotta_20190905'
[diyotta_qa@ip-172-21-10-52 TechstyleGit]$ ls -ltr
total 0
[diyotta_qa@ip-172-21-10-52 TechstyleGit]$ cd ..
[diyotta_qa@ip-172-21-10-52 support]$ cd TechstyleGit
[diyotta_qa@ip-172-21-10-52 TechstyleGit]$ ls -ltr
total 0
[diyotta_qa@ip-172-21-10-52 TechstyleGit]$ git pull
Already up-to-date.
[diyotta_qa@ip-172-21-10-52 TechstyleGit]$ git pull orgin feature/Diyotta_20190905
fatal: 'orgin' does not appear to be a git repository
fatal: The remote end hung up unexpectedly
[diyotta_qa@ip-172-21-10-52 TechstyleGit]$ git pull origin feature/Diyotta_20190905
From ssh://git.justfab.net/edw/snowflake_diyotta
 * branch            feature/Diyotta_20190905 -> FETCH_HEAD
Already up-to-date.
[diyotta_qa@ip-172-21-10-52 TechstyleGit]$


---------------------------------------------------------------

D       diyotta/PATCHTESTING/jobflow/landing/jf_inupd_stg_snapchat_adid_hour3_auth_loop.json
D       diyotta/PATCHTESTING/jobflow/landing/jf_inupd_stg_snapchat_adid_hour3_loop.json
D       diyotta/PATCHTESTING/jobflow/landing/jf_inupd_stg_snapchat_adid_hour6_auth_loop.json
D       diyotta/PATCHTESTING/jobflow/landing/jf_inupd_stg_snapchat_adid_hour6_loop.json
D       diyotta/PATCHTESTING/jobflow/landing/jf_inupd_stg_snapchat_adsquadid_loop.json
D       diyotta/PATCHTESTING/jobflow/landing/jf_inupd_stg_snapchat_campaignid_auth_loop.json
D       diyotta/PATCHTESTING/jobflow/landing/jf_inupd_stg_snapchat_campaignid_loop.json
D       diyotta/PATCHTESTING/jobflow/landing_history/jf_insrt_bento_product_preorder.json
Already on 'feature/Diyotta_20190905'
[diyotta_qa@ip-172-21-10-52 TechstyleGit]$ ls -ltr
total 0
[diyotta_qa@ip-172-21-10-52 TechstyleGit]$ git branch -d feature/Diyotta_20190905
error: Cannot delete the branch 'feature/Diyotta_20190905' which you are currently on.
[diyotta_qa@ip-172-21-10-52 TechstyleGit]$ git checkout master
Branch master set up to track remote branch master from origin.
Switched to a new branch 'master'
[diyotta_qa@ip-172-21-10-52 TechstyleGit]$ git branch -d feature/Diyotta_20190905
warning: deleting branch 'feature/Diyotta_20190905' that has been merged to
         'refs/remotes/origin/feature/Diyotta_20190905', but it is not yet merged to HEAD.
Deleted branch feature/Diyotta_20190905 (was 3b217d6).
[diyotta_qa@ip-172-21-10-52 TechstyleGit]$ ls -ltr
total 16
drwxrwxr-x. 5 diyotta_qa diyotta_qa 4096 Sep  5 10:14 Diyotta DWH Jobs Automation
drwxrwxr-x. 5 diyotta_qa diyotta_qa 4096 Sep  5 10:14 Scripts
drwxrwxr-x. 5 diyotta_qa diyotta_qa 4096 Sep  5 10:14 Snowflake
drwxrwxr-x. 8 diyotta_qa diyotta_qa 4096 Sep  5 10:14 diyotta
[diyotta_qa@ip-172-21-10-52 TechstyleGit]$  git checkout feature/Diyotta_20190905
Branch feature/Diyotta_20190905 set up to track remote branch feature/Diyotta_20190905 from origin.
Switched to a new branch 'feature/Diyotta_20190905'
[diyotta_qa@ip-172-21-10-52 TechstyleGit]$ ls -ltr
total 4
drwxrwxr-x. 8 diyotta_qa diyotta_qa 4096 Sep  5 10:15 diyotta
[diyotta_qa@ip-172-21-10-52 TechstyleGit]$

